// Vitest Snapshot v1, https://vitest.dev/guide/snapshot.html

exports[`version bumping > should append new version entry to 'versions.json' 1`] = `
"{
	"1.10.1": "0.15.0",
	"1.10.2": "0.15.0",
	"1.11.0": "0.15.0",
	"1.11.1": "0.15.0",
	"1.11.2": "0.15.0",
	"1.2.3": "0.15.0"
}"
`;

exports[`version bumping > should bump version in manifest.json 1`] = `
"{
	"id": "obsidian-plugin",
	"name": "Obsidian Plugin",
	"version": "1.2.3",
	"minAppVersion": "0.15.0",
	"description": "An Obsidian plugin.",
	"author": "kh4f",
	"authorUrl": "https://github.com/kh4f",
	"isDesktopOnly": false
}"
`;
