// Vitest Snapshot v1, https://vitest.dev/guide/snapshot.html

exports[`runCli > should output help message when \`--help\` is passed 1`] = `
"relion

[1mUsage:[22m
  relion [flags...]

[1mFlags:[22m
  -c, --config <string>           Path to the config file (default: "relion.config.ts")
  -d, --dry                       Run without making any changes
  -h, --help                      Show help
  -L, --latest                    Use the latest-release commit range in changelog
  -f, --lifecycle <string>        Lifecycle steps to run in order ((b)ump, change(l)og, co(m)mit, (t)ag, or "all"). (default: "all")
  -p, --profile <string>          Use config profile
"
`;
